<html>
<body>
<pre>
<h1>µVision Build Log</h1>
<h2>Tool Versions:</h2>
IDE-Version: µVision V5.25.2.0
Copyright (C) 2018 ARM Ltd and ARM Germany GmbH. All rights reserved.
License Information: Omkar Kale, SJSU, LIC=----
 
Tool Versions:
Toolchain:       MDK-Lite  Version: 5.25.2.0
Toolchain Path:  C:\Keil_v5\ARM\ARMCC\Bin
C Compiler:      Armcc.exe V5.06 update 6 (build 750)
Assembler:       Armasm.exe V5.06 update 6 (build 750)
Linker/Locator:  ArmLink.exe V5.06 update 6 (build 750)
Library Manager: ArmAr.exe V5.06 update 6 (build 750)
Hex Converter:   FromElf.exe V5.06 update 6 (build 750)
CPU DLL:         SARMCM3.DLL V5.25.2.0
Dialog DLL:      DCM.DLL V1.17.1.0
Target DLL:      STLink\ST-LINKIII-KEIL_SWO.dll V3.0.1.0
Dialog DLL:      TCM.DLL V1.35.1.0
 
<h2>Project:</h2>
C:\Users\Admin\Desktop\my_boot\MDK-ARM\my_boot.uvprojx
Project File Date:  10/02/2018

<h2>Output:</h2>
*** Using Compiler 'V5.06 update 6 (build 750)', folder: 'C:\Keil_v5\ARM\ARMCC\Bin'
Rebuild target 'my_boot'
assembling startup_stm32f411xe.s...
compiling stm32f4xx_it.c...
compiling main.c...
../Src/main.c(147): warning:  #513-D: a value of type "void *" cannot be assigned to an entity of type "void (*)(void)"
  	reset_handler_funcPtr = (void*)reset_handler_address;
../Src/main.c(468): warning:  #177-D: variable "init_msg"  was declared but never referenced
  	unsigned char init_msg[] = "Inside get version function\n";
../Src/main.c(469): warning:  #177-D: variable "crc_pass"  was declared but never referenced
  	unsigned char crc_pass[] = "CRC Is correct\n";
../Src/main.c(470): warning:  #177-D: variable "crc_fail"  was declared but never referenced
  	unsigned char crc_fail[] = "CRC is wrong\n";
../Src/main.c(610): warning:  #144-D: a value of type "void *" cannot be used to initialize an entity of type "void (*)(void)"
  			void (*vectorTablePtr)(void) = (void*)jump_address;
../Src/main.c(608): warning:  #177-D: variable "jump_addr"  was declared but never referenced
  			uint32_t jump_addr = *(uint32_t*)0x080008004;
../Src/main.c(695): warning:  #177-D: variable "mem_addr_start"  was declared but never referenced
  	uint32_t mem_addr_start = *(uint32_t*)(g_rx_buffer + 2); //4 bytes from g_rx_buffer[2] " 2 - 5
../Src/main.c(696): warning:  #177-D: variable "payload_len"  was declared but never referenced
  	uint8_t payload_len = g_rx_buffer[6];
../Src/main.c: 8 warnings, 0 errors
compiling stm32f4xx_hal_msp.c...
compiling stm32f4xx_hal_crc.c...
compiling stm32f4xx_hal_tim.c...
compiling stm32f4xx_hal_tim_ex.c...
compiling stm32f4xx_hal_uart.c...
compiling stm32f4xx_hal_rcc_ex.c...
compiling stm32f4xx_hal_rcc.c...
compiling stm32f4xx_hal_flash.c...
compiling stm32f4xx_hal_flash_ramfunc.c...
compiling stm32f4xx_hal_flash_ex.c...
compiling stm32f4xx_hal_gpio.c...
compiling stm32f4xx_hal_dma_ex.c...
compiling stm32f4xx_hal_pwr.c...
compiling stm32f4xx_hal_dma.c...
compiling stm32f4xx_hal_pwr_ex.c...
compiling stm32f4xx_hal_cortex.c...
compiling stm32f4xx_hal.c...
compiling system_stm32f4xx.c...
linking...
Program Size: Code=6444 RO-data=464 RW-data=168 ZI-data=1384  
FromELF: creating hex file...
"my_boot\my_boot.axf" - 0 Error(s), 8 Warning(s).

<h2>Software Packages used:</h2>

Package Vendor: ARM
                http://www.keil.com/pack/ARM.CMSIS.5.3.0.pack
                ARM.CMSIS.5.3.0
                CMSIS (Cortex Microcontroller Software Interface Standard)
   * Component: CORE Version: 5.1.1

Package Vendor: Keil
                http://www.keil.com/pack/Keil.STM32F4xx_DFP.2.13.0.pack
                Keil.STM32F4xx_DFP.2.13.0
                STMicroelectronics STM32F4 Series Device Support, Drivers and Examples

<h2>Collection of Component include folders:</h2>
  .\RTE\_my_boot
  C:\Keil_v5\ARM\PACK\ARM\CMSIS\5.3.0\CMSIS\Include
  C:\Keil_v5\ARM\PACK\Keil\STM32F4xx_DFP\2.13.0\Drivers\CMSIS\Device\ST\STM32F4xx\Include

<h2>Collection of Component Files used:</h2>

   * Component: ARM::CMSIS:CORE:5.1.1
Build Time Elapsed:  00:00:23
</pre>
</body>
</html>
